// Jest Snapshot v1, https://goo.gl/fbAQLP

exports[`renders Select component correctly 1`] = `
<View
  style={
    {
      "alignItems": "center",
      "flex": 1,
      "justifyContent": "flex-end",
      "padding": 0,
    }
  }
>
  <Text
    style={
      {
        "fontSize": 18,
        "marginBottom": 10,
      }
    }
  >
    Repeat
  </Text>
  <View
    style={
      {
        "alignItems": "flex-end",
        "backgroundColor": "#f0f0f0",
        "borderRadius": 5,
        "flexDirection": "row",
        "justifyContent": "space-between",
        "padding": 10,
        "width": "100%",
      }
    }
  >
    <TextInput
      editable={false}
      onFocus={[Function]}
      style={
        {
          "backgroundColor": "transparent",
          "flex": 1,
          "padding": 0,
        }
      }
      value=""
    />
    <View
      accessibilityState={
        {
          "busy": undefined,
          "checked": undefined,
          "disabled": undefined,
          "expanded": undefined,
          "selected": undefined,
        }
      }
      accessibilityValue={
        {
          "max": undefined,
          "min": undefined,
          "now": undefined,
          "text": undefined,
        }
      }
      accessible={true}
      collapsable={false}
      focusable={true}
      onClick={[Function]}
      onResponderGrant={[Function]}
      onResponderMove={[Function]}
      onResponderRelease={[Function]}
      onResponderTerminate={[Function]}
      onResponderTerminationRequest={[Function]}
      onStartShouldSetResponder={[Function]}
      style={
        {
          "opacity": 1,
        }
      }
    >
      <Icon
        color="gray"
        name="keyboard-arrow-down"
        size={24}
      />
    </View>
  </View>
</View>
`;
